[E809 18:36:36.061630830 socket.cpp:1028] [c10d] The client socket has timed out after 60000ms while trying to connect to (127.0.0.1, 1).
[W809 18:36:36.061717433 TCPStore.cpp:340] [c10d] TCP client failed to connect/validate to host 127.0.0.1:1 - retrying (try=0, timeout=60000ms, delay=23152ms): The client socket has timed out after 60000ms while trying to connect to (127.0.0.1, 1).
Exception raised from throwTimeoutError at /pytorch/torch/csrc/distributed/c10d/socket.cpp:1030 (most recent call first):
frame #0: c10::Error::Error(c10::SourceLocation, std::__cxx11::basic_string<char, std::char_traits<char>, std::allocator<char> >) + 0x9d (0x7a80d2572fdd in /home/canary/.local/lib/python3.12/site-packages/torch/lib/libc10.so)
frame #1: <unknown function> + 0x16b7768 (0x7a7ff16b7768 in /home/canary/.local/lib/python3.12/site-packages/torch/lib/libtorch_cpu.so)
frame #2: <unknown function> + 0x6ac3457 (0x7a7ff6ac3457 in /home/canary/.local/lib/python3.12/site-packages/torch/lib/libtorch_cpu.so)
frame #3: <unknown function> + 0x6ac35f6 (0x7a7ff6ac35f6 in /home/canary/.local/lib/python3.12/site-packages/torch/lib/libtorch_cpu.so)
frame #4: <unknown function> + 0x6ac39e7 (0x7a7ff6ac39e7 in /home/canary/.local/lib/python3.12/site-packages/torch/lib/libtorch_cpu.so)
frame #5: <unknown function> + 0x6a28fe3 (0x7a7ff6a28fe3 in /home/canary/.local/lib/python3.12/site-packages/torch/lib/libtorch_cpu.so)
frame #6: c10d::TCPStore::TCPStore(std::__cxx11::basic_string<char, std::char_traits<char>, std::allocator<char> >, c10d::TCPStoreOptions const&) + 0x41d (0x7a7ff6a2fd7d in /home/canary/.local/lib/python3.12/site-packages/torch/lib/libtorch_cpu.so)
frame #7: <unknown function> + 0xebd961 (0x7a80064bd961 in /home/canary/.local/lib/python3.12/site-packages/torch/lib/libtorch_python.so)
frame #8: <unknown function> + 0x40e440 (0x7a8005a0e440 in /home/canary/.local/lib/python3.12/site-packages/torch/lib/libtorch_python.so)
frame #9: /usr/bin/python3() [0x5821ef]
frame #10: _PyObject_MakeTpCall + 0x13e (0x54937e in /usr/bin/python3)
frame #11: /usr/bin/python3() [0x54cfe5]
frame #12: _PyObject_Call + 0xf5 (0x54b7c5 in /usr/bin/python3)
frame #13: /usr/bin/python3() [0x59e301]
frame #14: /usr/bin/python3() [0x599c53]
frame #15: <unknown function> + 0x40b4db (0x7a8005a0b4db in /home/canary/.local/lib/python3.12/site-packages/torch/lib/libtorch_python.so)
frame #16: _PyObject_MakeTpCall + 0x13e (0x54937e in /usr/bin/python3)
frame #17: _PyEval_EvalFrameDefault + 0xa89 (0x5d7389 in /usr/bin/python3)
frame #18: _PyObject_Call_Prepend + 0xc2 (0x54ab02 in /usr/bin/python3)
frame #19: /usr/bin/python3() [0x5a37f8]
frame #20: PyObject_Call + 0x9c (0x54b45c in /usr/bin/python3)
frame #21: _PyEval_EvalFrameDefault + 0x4c32 (0x5db532 in /usr/bin/python3)
frame #22: PyEval_EvalCode + 0x15b (0x5d58bb in /usr/bin/python3)
frame #23: /usr/bin/python3() [0x5d36ac]
frame #24: /usr/bin/python3() [0x58206d]
frame #25: PyObject_Vectorcall + 0x35 (0x549cb5 in /usr/bin/python3)
frame #26: _PyEval_EvalFrameDefault + 0xa89 (0x5d7389 in /usr/bin/python3)
frame #27: /usr/bin/python3() [0x6bd0b2]
frame #28: Py_RunMain + 0x232 (0x6bcce2 in /usr/bin/python3)
frame #29: Py_BytesMain + 0x2d (0x6bc94d in /usr/bin/python3)
frame #30: <unknown function> + 0x2a1ca (0x7a80d382a1ca in /lib/x86_64-linux-gnu/libc.so.6)
frame #31: __libc_start_main + 0x8b (0x7a80d382a28b in /lib/x86_64-linux-gnu/libc.so.6)
frame #32: _start + 0x25 (0x657b05 in /usr/bin/python3)

